current directory: /Users/mavo/Documents/repos/OpenEnergy/vendor/bundle/ruby/3.3.0/gems/commonmarker-0.23.12/ext/commonmarker
/Users/mavo/.rubies/ruby-3.3.5/bin/ruby extconf.rb
checking for whether -std=c99 is accepted as CFLAGS... yes
creating Makefile

current directory: /Users/mavo/Documents/repos/OpenEnergy/vendor/bundle/ruby/3.3.0/gems/commonmarker-0.23.12/ext/commonmarker
make -j9 DESTDIR\= sitearchdir\=./.gem.20260804-2461-ptss69 sitelibdir\=./.gem.20260804-2461-ptss69 clean

current directory: /Users/mavo/Documents/repos/OpenEnergy/vendor/bundle/ruby/3.3.0/gems/commonmarker-0.23.12/ext/commonmarker
make -j9 DESTDIR\= sitearchdir\=./.gem.20260804-2461-ptss69 sitelibdir\=./.gem.20260804-2461-ptss69
compiling arena.c
compiling autolink.c
compiling blocks.c
compiling buffer.c
compiling cmark.c
compiling cmark_ctype.c
compiling commonmark.c
compiling commonmarker.c
compiling core-extensions.c
blocks.c:1540:5: warning: 'CMARK_DEBUG_NODES' is not defined, evaluates to 0 [-Wundef]
#if CMARK_DEBUG_NODES
    ^
compiling ext_scanners.c
compiling footnotes.c
compiling houdini_href_e.c
compiling houdini_html_e.c
compiling houdini_html_u.c
In file included from commonmarker.c:3:
In file included from ./houdini.h:9:
./config.h:8:9: warning: 'HAVE_STDBOOL_H' macro redefined [-Wmacro-redefined]
#define HAVE_STDBOOL_H
        ^
/Users/mavo/.rubies/ruby-3.3.5/include/ruby-3.3.0/arm64-darwin23/ruby/config.h:45:9: note: previous definition is here
#define HAVE_STDBOOL_H 1
        ^
commonmarker.c:50:43: warning: passing 'const char *' to parameter of type 'void *' discards qualifiers [-Wincompatible-pointer-types-discards-qualifiers]
  cmark_get_default_mem_allocator()->free(str);
                                          ^~~
commonmarker.c:564:20: warning: implicit conversion loses integer precision: 'long' to 'int' [-Wshorten-64-to-32]
  extensions_len = RARRAY_LEN(rb_extensions);
                 ~ ^~~~~~~~~~~~~~~~~~~~~~~~~
/Users/mavo/.rubies/ruby-3.3.5/include/ruby-3.3.0/ruby/internal/core/rarray.h:51:36: note: expanded from macro 'RARRAY_LEN'
#define RARRAY_LEN                 rb_array_len                 /**< @alias{rb_array_len} */
                                   ^
commonmarker.c:1178:27: warning: implicit conversion loses integer precision: 'long' to 'bufsize_t' (aka 'int') [-Wshorten-64-to-32]
                          RSTRING_LEN(rb_text))) {
                          ^~~~~~~~~~~~~~~~~~~~
/Users/mavo/.rubies/ruby-3.3.5/include/ruby-3.3.0/ruby/internal/core/rstring.h:46:27: note: expanded from macro 'RSTRING_LEN'
#define RSTRING_LEN       RSTRING_LEN
                          ^
commonmarker.c:1199:28: warning: implicit conversion loses integer precision: 'long' to 'bufsize_t' (aka 'int') [-Wshorten-64-to-32]
                           RSTRING_LEN(rb_text), 0)) {
                           ^~~~~~~~~~~~~~~~~~~~
/Users/mavo/.rubies/ruby-3.3.5/include/ruby-3.3.0/ruby/internal/core/rstring.h:46:27: note: expanded from macro 'RSTRING_LEN'
#define RSTRING_LEN       RSTRING_LEN
                          ^
compiling html.c
compiling inlines.c
compiling iterator.c
compiling latex.c
compiling linked_list.c
compiling man.c
compiling map.c
compiling node.c
compiling plaintext.c
compiling plugin.c
compiling references.c
compiling registry.c
compiling render.c
compiling scanners.c
compiling strikethrough.c
compiling syntax_extension.c
compiling table.c
compiling tagfilter.c
compiling tasklist.c
compiling utf8.c
compiling xml.c
5 warnings generated.
1 warning generated.
linking shared-object commonmarker/commonmarker.bundle

current directory: /Users/mavo/Documents/repos/OpenEnergy/vendor/bundle/ruby/3.3.0/gems/commonmarker-0.23.12/ext/commonmarker
make -j9 DESTDIR\= sitearchdir\=./.gem.20260804-2461-ptss69 sitelibdir\=./.gem.20260804-2461-ptss69 install
/opt/homebrew/bin/ginstall -c -m 0755 commonmarker.bundle ./.gem.20260804-2461-ptss69/commonmarker

current directory: /Users/mavo/Documents/repos/OpenEnergy/vendor/bundle/ruby/3.3.0/gems/commonmarker-0.23.12/ext/commonmarker
make DESTDIR\= sitearchdir\=./.gem.20260804-2461-ptss69 sitelibdir\=./.gem.20260804-2461-ptss69 clean
